[chatapp.online/index.html]
[connect.facebook.net/en_US/fbevents.js]
[backblue.gif]
[fade.gif]
[index.html]
[chatapp.online/favicon.ico]
[mc.yandex.ru/metrika/tag.js]
[vk.com/js/api/openapi3636.js]
[chatapp.online/img/bitrix24-logo.png]
[chatapp.online/img/amocrm-logo.png]
[chatapp.online/ru/index.html]
[chatapp.online/api/index.html]
[cdn-ru.bitrix24.ru/b9365617/crm/form/loader_50.js]
[chatapp.online/whatsapp-business-api/index.html]
[chatapp.online/telegram/index.html]
[chatapp.online/blog/index.html]
[chatapp.online/js/home6298.js]
[chatapp.online/partners/index.html]
[chatapp.online/partner-rates/index.html]
[chatapp.online/implementation-packages/index.html]
[chatapp.online/partners-cases/index.html]
[chatapp.online/price/index.html]
[s3.wasabisys.com/cabinet.chatapp.online/widgetsFiles/304/2022/06/01/053ca54f-4c7b-48bd-a348-bb24f433b2c5.js]
[chatapp.online/video/index.html]
[chatapp.online/help/index.html]
[chatapp.online/help/crm/index.html]
[chatapp.online/contacts/index.html]
[s3.wasabisys.com/cabinet.chatapp.online/external/widget/v1/widget.js]
[chatapp.online/index.html]
[chatapp.online/c]
[chatapp.online/b]
[chatapp.online/POST]
[connect.facebook.net/en_US/fbevents.js]
[chatapp.online/fonts/Montserrat-BlackItalic8897.eot]
[chatapp.online/fonts/Montserrat-BlackItalic07d0.eot]
[chatapp.online/fonts/Montserrat-BlackItalic903f.woff2]
[chatapp.online/fonts/Montserrat-BlackItalic246b.woff]
[chatapp.online/fonts/Montserrat-BlackItalic67d2.ttf]
[chatapp.online/fonts/Montserrat-Blacka1e5.eot]
[chatapp.online/fonts/Montserrat-Blackc206.eot]
[chatapp.online/fonts/Montserrat-Black87f7.woff2]
[chatapp.online/fonts/Montserrat-Black905d.woff]
[chatapp.online/fonts/Montserrat-Black003a.ttf]
[chatapp.online/fonts/Montserrat-Bold2cfa.eot]
[chatapp.online/fonts/Montserrat-Bolded27.eot]
[chatapp.online/fonts/Montserrat-Bold6bdf.woff2]
[chatapp.online/fonts/Montserrat-Bold20bf.woff]
[chatapp.online/fonts/Montserrat-Bold3f4a.ttf]
[chatapp.online/fonts/Montserrat-ExtraLightItalic72f7.eot]
[chatapp.online/fonts/Montserrat-ExtraLightItalic9647.eot]
[chatapp.online/fonts/Montserrat-ExtraLightItalic7819.woff2]
[chatapp.online/fonts/Montserrat-ExtraLightItalicfb4f.woff]
[chatapp.online/fonts/Montserrat-ExtraLightItalic46cf.ttf]
[chatapp.online/fonts/Montserrat-Regular88b5.eot]
[chatapp.online/fonts/Montserrat-Regularecf2.eot]
[chatapp.online/fonts/Montserrat-Regular16b4.woff2]
[chatapp.online/fonts/Montserrat-Regularba5f.woff]
[chatapp.online/fonts/Montserrat-Regular0745.ttf]
[chatapp.online/fonts/Montserrat-ExtraBoldItalic94a9.eot]
[chatapp.online/fonts/Montserrat-ExtraBoldItalic8a26.eot]
[chatapp.online/fonts/Montserrat-ExtraBoldItalic6e5a.woff2]
[chatapp.online/fonts/Montserrat-ExtraBoldItalicd6ba.woff]
[chatapp.online/fonts/Montserrat-ExtraBoldItalica561.ttf]
[chatapp.online/fonts/Montserrat-ThinItalicaf4f.eot]
[chatapp.online/fonts/Montserrat-ThinItalic2228.eot]
[chatapp.online/fonts/Montserrat-ThinItalic781b.woff2]
[chatapp.online/fonts/Montserrat-ThinItalicdb74.woff]
[chatapp.online/fonts/Montserrat-ThinItalic8d8d.ttf]
[chatapp.online/fonts/Montserrat-SemiBoldItalicfa9d.eot]
[chatapp.online/fonts/Montserrat-SemiBoldItalic55ad.eot]
[chatapp.online/fonts/Montserrat-SemiBoldItalicc64f.woff2]
[chatapp.online/fonts/Montserrat-SemiBoldItalice5fe.woff]
[chatapp.online/fonts/Montserrat-SemiBoldItalicbefa.ttf]
[chatapp.online/fonts/Montserrat-BoldItalic4aae.eot]
[chatapp.online/fonts/Montserrat-BoldItalic7393.eot]
[chatapp.online/fonts/Montserrat-BoldItalicfbb5.woff2]
[chatapp.online/fonts/Montserrat-BoldItalic3d58.woff]
[chatapp.online/fonts/Montserrat-BoldItalic632b.ttf]
[chatapp.online/fonts/Montserrat-SemiBold4760.eot]
[chatapp.online/fonts/Montserrat-SemiBold8f11.eot]
[chatapp.online/fonts/Montserrat-SemiBold995b.woff2]
[chatapp.online/fonts/Montserrat-SemiBoldf7a0.woff]
[chatapp.online/fonts/Montserrat-SemiBolda779.ttf]
[chatapp.online/fonts/Montserrat-LightItalic21b5.eot]
[chatapp.online/fonts/Montserrat-LightItalic7780.eot]
[chatapp.online/fonts/Montserrat-LightItalicc731.woff2]
[chatapp.online/fonts/Montserrat-LightItalic0a31.woff]
[chatapp.online/fonts/Montserrat-LightItalic91b3.ttf]
[chatapp.online/fonts/Montserrat-Lightd2b4.eot]
[chatapp.online/fonts/Montserrat-Light35e2.eot]
[chatapp.online/fonts/Montserrat-Light7196.woff2]
[chatapp.online/fonts/Montserrat-Light7521.woff]
[chatapp.online/fonts/Montserrat-Lightf6e9.ttf]
[chatapp.online/fonts/Montserrat-Medium9e71.eot]
[chatapp.online/fonts/Montserrat-Mediume5a6.eot]
[chatapp.online/fonts/Montserrat-Medium28b2.woff2]
[chatapp.online/fonts/Montserrat-Medium455f.woff]
[chatapp.online/fonts/Montserrat-Medium74d4.ttf]
[chatapp.online/fonts/Montserrat-Thin4692.eot]
[chatapp.online/fonts/Montserrat-Thinc9b0.eot]
[chatapp.online/fonts/Montserrat-Thind457.woff2]
[chatapp.online/fonts/Montserrat-Thine358.woff]
[chatapp.online/fonts/Montserrat-Thin01d9.ttf]
[chatapp.online/fonts/Montserrat-ExtraLight8d95.eot]
[chatapp.online/fonts/Montserrat-ExtraLight9b7b.eot]
[chatapp.online/fonts/Montserrat-ExtraLight5fc8.woff2]
[chatapp.online/fonts/Montserrat-ExtraLight324b.woff]
[chatapp.online/fonts/Montserrat-ExtraLight88c7.ttf]
[chatapp.online/fonts/Montserrat-MediumItalicefdb.eot]
[chatapp.online/fonts/Montserrat-MediumItalic8171.eot]
[chatapp.online/fonts/Montserrat-MediumItalicff1a.woff2]
[chatapp.online/fonts/Montserrat-MediumItalic3354.woff]
[chatapp.online/fonts/Montserrat-MediumItaliccb8e.ttf]
[chatapp.online/fonts/Montserrat-Italic9123.eot]
[chatapp.online/fonts/Montserrat-Italic80ac.eot]
[chatapp.online/fonts/Montserrat-Italic3429.woff2]
[chatapp.online/fonts/Montserrat-Italic7dd1.woff]
[chatapp.online/fonts/Montserrat-Italic9932.ttf]
[chatapp.online/fonts/Montserrat-ExtraBold2547.eot]
[chatapp.online/fonts/Montserrat-ExtraBoldbfd3.eot]
[chatapp.online/fonts/Montserrat-ExtraBold5234.woff2]
[chatapp.online/fonts/Montserrat-ExtraBoldaaa3.woff]
[chatapp.online/fonts/Montserrat-ExtraBold4d03.ttf]
[chatapp.online/fonts/Comfortaa-Boldb678.eot]
[chatapp.online/fonts/Comfortaa-Bold62c1.eot]
[chatapp.online/fonts/Comfortaa-Boldd107.woff2]
[chatapp.online/fonts/Comfortaa-Boldfafd.woff]
[chatapp.online/fonts/Comfortaa-Bolda3b8.ttf]
[chatapp.online/fonts/Comfortaa-Lightb6ea.eot]
[chatapp.online/fonts/Comfortaa-Lighta544.eot]
[chatapp.online/fonts/Comfortaa-Lightaaee.woff2]
[chatapp.online/fonts/Comfortaa-Light907c.woff]
[chatapp.online/fonts/Comfortaa-Lighta3b4.ttf]
[chatapp.online/fonts/Comfortaa-Medium30fd.eot]
[chatapp.online/fonts/Comfortaa-Medium2cdb.eot]
[chatapp.online/fonts/Comfortaa-Mediumdb4d.woff2]
[chatapp.online/fonts/Comfortaa-Mediumca68.woff]
[chatapp.online/fonts/Comfortaa-Medium972c.ttf]
[chatapp.online/fonts/Comfortaa-Regulard313.eot]
[chatapp.online/fonts/Comfortaa-Regularfb6e.eot]
[chatapp.online/fonts/Comfortaa-Regularaa2f.woff2]
[chatapp.online/fonts/Comfortaa-Regularf1fd.woff]
[chatapp.online/fonts/Comfortaa-Regular40e2.ttf]
[chatapp.online/fonts/Comfortaa-SemiBold5f39.eot]
[chatapp.online/fonts/Comfortaa-SemiBoldc051.eot]
[chatapp.online/fonts/Comfortaa-SemiBold603f.woff2]
[chatapp.online/fonts/Comfortaa-SemiBold4e1a.woff]
[chatapp.online/fonts/Comfortaa-SemiBold679d.ttf]
[chatapp.online/fonts/vendor/bootstrap-icons/bootstrap-iconseaf2.woff2]
[chatapp.online/fonts/vendor/bootstrap-icons/bootstrap-icons34d8.woff]
[chatapp.online/img/cloud-1-1-1.png]
[chatapp.online/img/cloud-2.png]
[chatapp.online/img/people-cloud.png]
[chatapp.online/img/cloud-tariffs.png]
[chatapp.online/img/form-background-desktop.png]
[chatapp.online/img/form-background-tablet.png]
[chatapp.online/img/invo-group-logo.png]
[chatapp.online/img/desktop-2-form.webp]
[chatapp.online/css/homec4ae.css]
[chatapp.online/widget_comments.php]
[chatapp.online/; path=/index.html]
[chatapp.online/widget_recommended.php]
[chatapp.online/widget_post.php]
[chatapp.online/widget_textlive.php]
[chatapp.online/widget_like.php]
[chatapp.online/al_widget_poll.php]
[chatapp.online/widget_app.php]
[chatapp.online/widget_community.php]
[chatapp.online/widget_auth.php]
[chatapp.online/widget_subscribe.php]
[chatapp.online/widget_contactus.php]
[chatapp.online/widget_bookmarks.php]
[chatapp.online/widget_playlist.php]
[chatapp.online/ads_rotate.php]
[chatapp.online/web/ads_lightd41d.js]
[chatapp.online/widget_allow_messages_from_community.php]
[chatapp.online/widget_article.php]
[chatapp.online/widget_podcast.php]
[chatapp.online/reforged_widget.php]
[chatapp.online/blankd41d.php]
[chatapp.online/api/openapi.b0.delayed]
[vk.com/js/api/openapi3636.js]
[chatapp.online/img/telegram-icon.svg]
[chatapp.online/img/phone-icon.svg]
[chatapp.online/ru/api/index.html]
[chatapp.online/ru/blog/index.html]
[chatapp.online/ru/telegram/index.html]
[cdn-ru.bitrix24.ru/b9365617/crm/form/loader_46.js]
[chatapp.online/ru/whatsapp-business-api/index.html]
[chatapp.online/ru/partners/index.html]
[chatapp.online/ru/partner-rates/index.html]
[chatapp.online/ru/implementation-packages/index.html]
[chatapp.online/ru/partners-cases/index.html]
[chatapp.online/ru/price/index.html]
[s3.wasabisys.com/cabinet.chatapp.online/widgetsFiles/304/2022/04/27/3420a0ce-b891-4dd9-bcb0-8bddef850e60.js]
[chatapp.online/ru/index.html]
[chatapp.online/ru/help/index.html]
[chatapp.online/ru/help/crm/index.html]
[chatapp.online/ru/video/index.html]
[chatapp.online/ru/contacts/index.html]
[chatapp.online/ru/jobs/index.html]
[chatapp.online/js/app26519.js]
[chatapp.online/api/index.html]
[chatapp.online/help/whatsapp-business-api-start/index.html]
[cdn-ru.bitrix24.ru/b9365617/crm/form/loader_86.js]
[chatapp.online/js/waba183e.js]
[chatapp.online/whatsapp-business-api/index.html]
[chatapp.online/img/telegram_image_header_block.png]
[chatapp.online/img/telegram_image_support_block.png]
[chatapp.online/img/telegram_image_benefits_block.png]
[chatapp.online/img/telegram_image_integration_block.png]
[chatapp.online/img/telegram_image_promo_block.png]
[chatapp.online/js/telegram_page.js]
[chatapp.online/telegram/index.html]
[chatapp.online/js/blog92f4.js]
[chatapp.online/blog/index.html]
[chatapp.online/blog/switch-to-waba/index.html]
[chatapp.online/blog/waba-new-price-en/index.html]
[chatapp.online/blog/category/whatsapp-business-api/index.html]
[chatapp.online/blog/category/telegram-client-api/index.html]
[chatapp.online/blog/no-ban-telegram/index.html]
[chatapp.online/blog/case-sellerhelp-en/index.html]
[chatapp.online/blog/category/partners-cases/index.html]
[chatapp.online/blog/multi-currency-wallet/index.html]
[chatapp.online/blog/category/single-messenger-window/index.html]
[chatapp.online/blog/case-construction-distributor-en/index.html]
[chatapp.online/blog/widgets-chat-en/index.html]
[chatapp.online/blog/canned-responses-en/index.html]
[chatapp.online/blog/eng-recruiting-automation-telegram/index.html]
[cdn-ru.bitrix24.ru/b9365617/crm/form/loader_52.js]
[chatapp.online/blog/new-price/index.html]
[chatapp.online/blog/waba-1000-dialogs-news/index.html]
[chatapp.online/js/partners.js]
[chatapp.online/partners/index.html]
[chatapp.online/blog/interactive-labels-dialogs-news/index.html]
[chatapp.online/blog/duplicated-messages-filter/index.html]
[chatapp.online/blog/write-first-in-telegram/index.html]
[chatapp.online/blog/update-telegram-client/index.html]
[chatapp.online/blog/waba-mailing/index.html]
[chatapp.online/blog/new-dialog-form-bitrix24/index.html]
[chatapp.online/partner-rates/index.html]
[chatapp.online/blog/category/bitrix24-messangers/index.html]
[chatapp.online/blog/category/chatapp-mobile/index.html]
[chatapp.online/blog/news-about-mobile-app/index.html]
[chatapp.online/blog/if-client-has-telegram/index.html]
[chatapp.online/blog/hidden-phone-username/index.html]
[chatapp.online/blog/category/whatsapp-chat-api/index.html]
[chatapp.online/blog/category/pusher-api-business/index.html]
[chatapp.online/blog/page-2/index.html]
[chatapp.online/js/implementation.js]
[chatapp.online/js/form_bitrix.js]
[chatapp.online/implementation-packages/index.html]
[chatapp.online/js/partnersCases.js]
[chatapp.online/partners-cases/index.html]
[chatapp.online/js/calculatord5a6.js]
[chatapp.online/js/calculatorModal22e8.js]
[chatapp.online/price/index.html]
[chatapp.online/help/licence-payment-check/index.html]
[chatapp.online/help/licence-payment-card/index.html]
[chatapp.online/help/licence-payment-balance/index.html]
[chatapp.online/help/autorization/index.html]
[s3.wasabisys.com/cabinet.chatapp.online/widgetsFiles/304/2022/06/01/c3d10df5-503e-4fa0-baca-f0d090861d2b.js]
[chatapp.online/help/buy-license/index.html]
[chatapp.online/help/connect-channels/index.html]
[chatapp.online/help/work-without-crm/index.html]
[chatapp.online/help/crm-integration/index.html]
[chatapp.online/help/setting-channels-webchat/index.html]
[chatapp.online/help/change-password/index.html]
[s3.wasabisys.com/cabinet.chatapp.online/external/widgetBusinessCard/v1/widget.js]
[chatapp.online/help/index.html]
[chatapp.online/help/create-telegram-bot/index.html]
[chatapp.online/help/connect-telegram-bot/index.html]
[chatapp.online/help/account-login/index.html]
[chatapp.online/help/telegram-write-first/index.html]
[chatapp.online/help/telegram-dialogue-start/index.html]
[netdna.bootstrapcdn.com/font-awesome/3.2.0/css/font-awesome.min.css]
[chatapp.online/help/hidden-contacts-telegram/index.html]
[chatapp.online/help/synchronisation-telegram-crm/index.html]
[cdn.jsdelivr.net/npm/modal-video@2.4.6/css/modal-video.min.css]
[chatapp.online/help/log-out/index.html]
[chatapp.online/help/parser-telegram-group/index.html]
[chatapp.online/help/faq-telegram/index.html]
[code.jquery.com/jquery-2.2.4.min.js]
[chatapp.online/help/whatsapp-business-api-connection/index.html]
[chatapp.online/help/whatsapp-business-api-charging/index.html]
[cdn.jsdelivr.net/npm/modal-video@2.4.6/js/jquery-modal-video.min.js]
[chatapp.online/video/index.html]
[chatapp.online/help/waba-expenses/index.html]
[chatapp.online/help/waba-recharge/index.html]
[chatapp.online/help/waba-template-example/index.html]
[chatapp.online/help/creating-waba-template/index.html]
[chatapp.online/help/verified-account/index.html]
[chatapp.online/help/faq-waba/index.html]
[chatapp.online/help/test-waba/index.html]
[chatapp.online/help/faq-whatsapp-web/index.html]
[chatapp.online/help/connect-provider-chat-api/index.html]
[chatapp.online/help/developer-mode/index.html]
[chatapp.online/help/phone-settings/index.html]
[chatapp.online/help/crm/index.html]
[chatapp.online/help/whatsapp-dialogue-start/index.html]
[cdn-ru.bitrix24.ru/b9365617/crm/form/loader_112.js]
[chatapp.online/help/account-viber/index.html]
[chatapp.online/help/account-avito/index.html]
[chatapp.online/help/account-vkontakte/index.html]
[chatapp.online/contacts/index.html]
[chatapp.online/help/faq-cabinet/index.html]
[chatapp.online/c.html]
[chatapp.online/help/about-business-chat/index.html]
[chatapp.online/b.html]
[chatapp.online/help/dialog-labels/index.html]
[chatapp.online/POST.html]
[chatapp.online/help/quick-answers/index.html]
[chatapp.online/img/cloud-1-1-1.svg]
[chatapp.online/help/web-chat-write-first/index.html]
[chatapp.online/help/web-chat-write-first-whatsapp/index.html]
[chatapp.online/help/quick-answers-personal-account/index.html]
[chatapp.online/help/attachment-settings/index.html]
[chatapp.online/img/cloud-2.svg]
[chatapp.online/img/cloud-3.svg]
[chatapp.online/img/cloud-4.svg]
[chatapp.online/img/phone-1.svg]
[chatapp.online/img/benefit-item.svg]
[chatapp.online/img/people-desktop.svg]
[chatapp.online/img/whatsapp-icon.svg]
[chatapp.online/img/tariff-banner.svg]
[chatapp.online/img/check-icon.svg]
[chatapp.online/img/people-tablet.svg]
[chatapp.online/img/webmens-logo.svg]
[chatapp.online/img/nhp-logo.svg]
[chatapp.online/; path=/index.html]
[chatapp.online/widget_comments.html]
[chatapp.online/widget_recommended.html]
[chatapp.online/widget_post.html]
[chatapp.online/widget_textlive.html]
[chatapp.online/widget_like.html]
[chatapp.online/al_widget_poll.html]
[chatapp.online/widget_app.html]
[chatapp.online/widget_community.html]
[chatapp.online/widget_auth.html]
[chatapp.online/widget_subscribe.html]
[chatapp.online/widget_contactus.html]
[chatapp.online/widget_bookmarks.html]
[chatapp.online/widget_playlist.html]
[chatapp.online/ads_rotate.html]
[chatapp.online/web/ads_lightd41d.html]
[chatapp.online/widget_allow_messages_from_community.html]
[chatapp.online/widget_article.html]
[chatapp.online/widget_podcast.html]
[chatapp.online/reforged_widget.html]
[chatapp.online/blankd41d.html]
[vk.com/js/api/openapi_updated41d.html]
[chatapp.online/api/openapi.html]
[chatapp.online/ru/api/index.html]
[chatapp.online/ru/whatsapp-business-api/index.html]
[chatapp.online/ru/telegram/index.html]
[chatapp.online/ru/blog/index.html]
[chatapp.online/ru/partners/index.html]
[chatapp.online/ru/partner-rates/index.html]
[chatapp.online/ru/implementation-packages/index.html]
[chatapp.online/ru/partners-cases/index.html]
[chatapp.online/ru/price/index.html]
[chatapp.online/ru/help/index.html]
[chatapp.online/ru/video/index.html]
[chatapp.online/ru/help/crm/index.html]
[chatapp.online/ru/contacts/index.html]
[chatapp.online/ru/jobs/index.html]
[chatapp.online/css/api6f41.css]
[chatapp.online/img/api1.svg]
[chatapp.online/img/api2.svg]
[chatapp.online/img/api3.svg]
[chatapp.online/css/waba397e.css]
[chatapp.online/img/waba-bulk-mailing.svg]
[chatapp.online/ru/help/api-events/index.html]
[chatapp.online/ru/help/webchat-integration/index.html]
[chatapp.online/ru/help/gaining-access-chatapp-api/index.html]
[chatapp.online/img/waba-checked-company_en.svg]
[chatapp.online/ru/help/bot-quick-answers/index.html]
[chatapp.online/ru/help/bot-subscription/index.html]
[chatapp.online/ru/help/api/index.html]
[chatapp.online/img/waba_now.svg]
[chatapp.online/ru/help/qnamaker/index.html]
[chatapp.online/ru/jobs/copywriter/index.html]
[chatapp.online/img/waba-buttons_en.svg]
[chatapp.online/ru/jobs/frontend-developer/index.html]
[chatapp.online/ru/jobs/backend-developer/index.html]
[chatapp.online/ru/jobs/specialist-crm/index.html]
[chatapp.online/images/2021/11/30/2pncKlj5197fmYuz6sKARJs7wyW6EGwEGr8SqSh0.png]
[chatapp.online/images/2021/11/30/SEOs4f5bsnhE1wH8PYKqXMiwZ1q6nfXt0Jahb0Fs.png]
[chatapp.online/images/2021/11/30/LpGlhLh8buXoiUqtFrLjziilDGgHoLeIJLXiuDLJ.png]
[chatapp.online/help/whatsapp-business-api-start/index.html]
[chatapp.online/css/telegram_page.css]
[cdn-ru.bitrix24.ru/b9365617/crm/form/loader_120.js]
[chatapp.online/css/blog056f.css]
[chatapp.online/blog/switch-to-waba/index.html]
[chatapp.online/blog/category/whatsapp-business-api/index.html]
[chatapp.online/blog/waba-new-price-en/index.html]
[chatapp.online/blog/no-ban-telegram/index.html]
[chatapp.online/blog/category/telegram-client-api/index.html]
[chatapp.online/blog/new-platform-waba/index.html]
[chatapp.online/blog/how-to-move-on-the-new-platform/index.html]
[chatapp.online/blog/integration-personal-telegram-number-crm/index.html]
[chatapp.online/images/2022/5/26/Fvqzo1Ojxk6EMfqXOAjdvoVjM6jBezUz1ROuOWAu.jpg]
[chatapp.online/images/2022/5/26/rOaVD6MiBTLuKy9FZ2vHf64Ub2RJWuoNRCvzoPo5.jpg]
[chatapp.online/blog/case-sellerhelp-en/index.html]
[chatapp.online/blog/category/partners-cases/index.html]
[chatapp.online/blog/multi-currency-wallet/index.html]
[chatapp.online/blog/category/single-messenger-window/index.html]
[chatapp.online/blog/webmens-case-bitrix24-chatapp-whatsapp-partner/index.html]
[chatapp.online/images/2022/5/18/VvaBHs0uA00c53nqHBi1h7s73ERpd2eGxapvAf1M.jpg]
[chatapp.online/blog/widgets-chat-en/index.html]
[chatapp.online/images/2022/5/16/eaF8y1uZ1JwYFpBX7vUKdU3A2VakmsjiRFKa73cZ.jpg]
[chatapp.online/blog/case-construction-distributor-en/index.html]
[chatapp.online/images/2022/5/4/fvHmPaz93j0Kdpny3XtjD9WD9I8gnriPsocI2fRq.png]
[chatapp.online/images/2022/5/4/6eZKmZ3zURrDvm4n246BrQyIUbi9I7UkTLSIoY1O.png]
[chatapp.online/images/2022/5/4/QGPahtat3nrMESafa0z99D0KzcXvJDGCZPatzwIG.jpg]
[chatapp.online/images/2022/5/4/LrqMuR7teS24RrXanB63Z8VbgJ6bhRKH9WzaSJc8.png]
[chatapp.online/blog/canned-responses-en/index.html]
[chatapp.online/images/2022/4/21/8kTpEq1Tap2v70LXwtnU5yHNGgqmZJWxthi3Y0OU.png]
[chatapp.online/images/2022/4/20/2Da0FJW1eZczWG11Ji5w3oorESJqj9wKtb7pkeDD.png]
[chatapp.online/images/2022/4/20/MBMAgYvYlddEM6OHLPU6x2T26nnL19xYqvGsKdLb.png]
[chatapp.online/blog/eng-recruiting-automation-telegram/index.html]
[chatapp.online/images/2022/3/17/scjdxKUCUSfIL43kajFI5PMa5SNjArPFuUhpvV5q.png]
[chatapp.online/blog/new-price/index.html]
[chatapp.online/blog/waba-1000-dialogs-news/index.html]
[chatapp.online/blog/interactive-labels-dialogs-news/index.html]
[chatapp.online/blog/duplicated-messages-filter/index.html]
[chatapp.online/images/2021/11/17/byhDpveqmV25e3QnUWxMwFGlMhhOOGzWpJ0Hf6Yk.png]
[chatapp.online/images/2022/4/18/aN7x9YErTnHdLMxaQEHSTiwlkYW3vxstRER62KeH.png]
[chatapp.online/ru/blog/write-first-in-telegram/index.html]
[chatapp.online/images/2021/11/17/2uroQ5WU5kl2CCKXYrue9vYNwKYXFmxLzIZBqbOV.png]
[chatapp.online/blog/write-first-in-telegram/index.html]
[chatapp.online/images/2021/11/16/QCVcCKeHNuJ8bk7viIgMtF0gRU93aTEm4bhopoWU.png]
[chatapp.online/blog/update-telegram-client/index.html]
[chatapp.online/blog/waba-mailing/index.html]
[chatapp.online/ru/blog/update-telegram-client/index.html]
[chatapp.online/ru/blog/waba-mailing/index.html]
[chatapp.online/images/2021/11/4/5kRcApM4SWBkanxVLW3NPJpFe8iYFUosEx3g9ovv.png]
[chatapp.online/blog/new-dialog-form-bitrix24/index.html]
[chatapp.online/blog/category/bitrix24-messangers/index.html]
[chatapp.online/blog/news-about-mobile-app/index.html]
[chatapp.online/blog/robots-bitrix24/index.html]
[chatapp.online/blog/brasilian-12-characters/index.html]
[chatapp.online/blog/category/chatapp-mobile/index.html]
[chatapp.online/ru/blog/new-dialog-form-bitrix24/index.html]
[chatapp.online/ru/blog/news-about-mobile-app/index.html]
[chatapp.online/ru/blog/if-client-has-telegram/index.html]
[chatapp.online/images/2021/10/9/7sl9027QcwaqNzVpTGNo9r1C1fZS3FBr9teVmFNf.png]
[chatapp.online/blog/if-client-has-telegram/index.html]
[chatapp.online/blog/hidden-phone-username/index.html]
[chatapp.online/blog/category/whatsapp-chat-api/index.html]
[chatapp.online/blog/category/pusher-api-business/index.html]
[chatapp.online/blog/page-2/index.html]
[chatapp.online/css/partnersb8cf.css]
[chatapp.online/img/partner_logo_1.svg]
[chatapp.online/img/partner_logo_2.svg]
[chatapp.online/css/partner_rates9f9a.css]
[chatapp.online/img/partner_rates_log_1.svg]
[chatapp.online/css/implementationdd78.css]
[chatapp.online/img/Gnoms.svg]
[chatapp.online/css/partners_cases92e0.css]
[chatapp.online/ru/blog/hidden-phone-username/index.html]
[chatapp.online/img/calculator-form_1.png]
[chatapp.online/css/calculatorbf82.css]
[chatapp.online/css/wikid1b7.css]
[chatapp.online/images/2022/4/22/xlufoR955upKVycuSSrWUX27sXMF1XK4B7V9ur99.png]
[chatapp.online/images/2022/4/22/Z0HWlYch28QmlWzIBAGp8QHRQTNEJ8pDBMjsojQv.png]
[chatapp.online/images/2022/4/22/96ZFmt4vWarDAyypPs0wSqfwbm36kr5sYjXBAXU4.png]
[chatapp.online/images/2022/4/22/FJUFEWfbhRDYu8TrhDNUgrZezNH0zaG3hRaQgVgp.png]
[chatapp.online/help/licence-payment-check/index.html]
[chatapp.online/images/2022/3/18/257pBOCDxQNDxHDVRxDdqgyVzESroHPDdrpD51YW.png]
[chatapp.online/images/2022/3/18/1PPNO421wkZo9zO8i4rhQrrcO41W5sC7ikzCRIYz.png]
[chatapp.online/images/2022/3/18/nNEPv31GDrBufYjkhRlG6pRjW5skIhYFRdLUtdaW.png]
[chatapp.online/images/2022/3/18/6QKrzM5qmMg0J1YJOcweqTPHLS1eXNdZzcLC8b6H.png]
[chatapp.online/images/2022/3/15/CY37r7npQYUd37UK0ksUpSDegu38VRt7nagdF2fD.png]
[chatapp.online/images/2022/3/15/ZouFXwRyjrf2DP4z4HSl5M9IkWf8CYuFqp2uyHRm.png]
[chatapp.online/help/licence-payment-card/index.html]
[chatapp.online/help/licence-payment-balance/index.html]
[chatapp.online/help/autorization/index.html]
[chatapp.online/images/2021/12/30/cwWJgLFa77KnXRlyGCDKFAgyNqhewHd0UkaBdhX7.png]
[chatapp.online/images/2021/12/30/nJoRYGazoFXSCwIG3F9zLVqwmhDGskh8mojjwNMb.png]
[chatapp.online/images/2021/12/30/WQjXmujf5prByHY6OljTY05WJXyKXDChTNpYxXcX.png]
[chatapp.online/help/buy-license/index.html]
[chatapp.online/images/2021/12/30/YPcEL72eSzMyU4JsFSmc6wc1tZkmYW1dsUYbUorx.png]
[chatapp.online/help/connect-channels/index.html]
[chatapp.online/images/2021/12/30/svPBSZZlqR2I9abf0oueoFAYLb1GlPFgryqG6ICI.png]
[chatapp.online/help/work-without-crm/index.html]
[chatapp.online/help/crm-integration/index.html]
[chatapp.online/images/2021/11/29/Yo3N4F8x6mJuHqX6o2CefaqohJvnpYdB75c0rd39.png]
[chatapp.online/images/2021/11/29/lbuK1sZ2TJ0GIdo7pLWA7IQQD3aDN1mVvobXM4Gu.png]
[chatapp.online/help/setting-channels-webchat/index.html]
[chatapp.online/images/2021/12/30/5tL3hSI0L21WK1ZjyhjrJJ5VeJ792yZlkFantmiH.png]
[chatapp.online/help/change-password/index.html]
[chatapp.online/images/2022/3/24/TiMKgwMgMCs3Ic4dNfZFmhpPbg0bRoDu96YvB39Z.png]
[chatapp.online/images/2022/3/24/DLf7HVzBjiH13LDEgSNVclt52PCv91Dx5g5ICJZY.jpg]
[chatapp.online/images/2022/3/24/WTLrGTb7GPdMcaPCe0eNADr5eYFm9A2cQGuLWgW1.jpg]
[chatapp.online/images/2022/3/24/WI9DlFycoCG6bjCwuQThNosvD4OToflxu6FQMtFZ.jpg]
[chatapp.online/images/2022/3/24/zQ8iQ9SOiGIVIbmkBgSBh3fUB6crXiEoD88LJTj6.jpg]
[chatapp.online/help/create-telegram-bot/index.html]
[chatapp.online/images/2022/3/24/tpj7bddVk3aHaREe0YhKkqYeTEk1ofzSQ3GJzUia.jpg]
[chatapp.online/images/2022/3/24/XEUupQTIJGpftjnCODPGkQDBvKrz2KC1Y3r98GxM.jpg]
[chatapp.online/images/2022/3/24/dGDs7pCyZt9NugzUUnihXj4gfdq8B5e2WpjbZKQW.jpg]
[chatapp.online/images/2022/3/24/zs760KZluqJwciKfmw2U1sdNsuq9HcXATrAI14lh.jpg]
[chatapp.online/help/connect-telegram-bot/index.html]
[chatapp.online/images/2021/11/30/ySgXTy7gb7noCb9CXjwAVDQ32DhVonbsmPAE4EXw.png]
[chatapp.online/images/2021/11/30/uNT4Gc0l6iRv2RyO1r4yZBORjyB3LlTOpXdof7T8.png]
[chatapp.online/images/2021/11/30/mxAUpzLTDiRcIePE4G36XbWhL4176hG93WXmDc9z.png]
[chatapp.online/images/2021/11/30/eic9HhK0TB5WGKNjkPuY2QDdoJSbNkdm2j1jQzPz.png]
[chatapp.online/help/account-login/index.html]
[chatapp.online/images/2022/4/20/7J5hcEFHCKn5jWTCl8VFbSPNCKb7h4AjoTPV9DbY.jpg]
[chatapp.online/images/2022/4/21/T7fNyb9cdCnNxW6Oav405GJ0AwTcUx3gh8oa9j2t.jpg]
[chatapp.online/images/2022/4/21/KztsHEyNw05TNnW2XHOTiiw2kgiJZqOZkOU8pCUl.jpg]
[chatapp.online/images/2022/4/21/sWUgkN6hh9su5Ep0vrI9qQw92AoA4ANG05sB0BQB.jpg]
[chatapp.online/images/2022/4/20/Ov7cE5fP6CigStIW9uSYOlf5OO4DhMJ42DFAPdYO.jpg]
[chatapp.online/images/2022/4/20/Unu1uy6ulFWbc8Op7cfHgLjwrJ1dVFOWE7QjAkgJ.jpg]
[chatapp.online/images/2022/4/21/bHBRctG6nIjPzwJwiC9a3szOgld472jaQOla3BgV.jpg]
[chatapp.online/help/telegram-dialogue-start/index.html]
[chatapp.online/help/telegram-write-first/index.html]
[chatapp.online/images/2022/4/15/TuSLU4o5NXK0mC6ShVJR5LWWvE8GDsFxx0OnyIul.png]
[chatapp.online/images/2022/4/15/pbUrlqiOuqywicCV4K1ZNLS9upOxShpd5XeOBnSW.png]
[chatapp.online/images/2022/4/15/ieR22sQEy8kamNSjwvA9jF0Oc0kQRwxcdAWHtxX1.png]
[chatapp.online/help/hidden-contacts-telegram/index.html]
[chatapp.online/help/synchronisation-telegram-crm/index.html]
[chatapp.online/help/log-out/index.html]
[chatapp.online/help/synchronization-telegram-crm/index.html]
[chatapp.online/images/2022/1/18/5lWjOHazGSKhtoweW5rxAjEqa4zMHMv0uLxMJWDx.png]
[chatapp.online/help/parser-telegram-group/index.html]
[chatapp.online/help/faq-telegram/index.html]
[chatapp.online/help/whatsapp-business-api-connection/index.html]
[chatapp.online/images/2022/2/9/dDvhwCdRcxGOXyIl7CcgUv3VzCCTnn05vLqDQ5nF.png]
[chatapp.online/help/whatsapp-business-api-charging/index.html]
[chatapp.online/images/2022/2/7/XDdtx9gte7ocU0uGn8BbYsmKHGBaD8vIATo9RtQB.png]
[chatapp.online/help/waba-expenses/index.html]
[chatapp.online/images/2022/2/3/t3x1tI7rzREyIpM4UERACyNR8jGjTI21OPgcDXX8.png]
[chatapp.online/images/2022/2/3/UQ5Pm1yZ6ScE4VR4lVkMfkgn0pvb6z0CpMEarUci.png]
[chatapp.online/images/2022/2/3/jGIE7DwAWfz8lCK5nawLleElK8eCHJIlHnMcSgmY.png]
[chatapp.online/images/2022/2/3/Ut4Say7fMC4sD57V9zzbzjfGoS8nqgl1Y7DlqSzu.png]
[chatapp.online/images/2022/2/3/MBT6lgiLHAPwXHLy8lLQjlTCqOWthvOzN1rSQ1Au.png]
[chatapp.online/help/waba-recharge/index.html]
[chatapp.online/images/2021/11/30/yR3pOWcquRY8W60gdTLZjhDX3OMj6iOsxkGEoHrO.png]
[chatapp.online/images/2021/11/30/EQVAYxYVvhlIbyrJmYfk3tjOt9HCm8SwE5fzoL8g.png]
[chatapp.online/images/2021/11/30/eHvSZUv9H6MkLrqu7kZnBgpEUPCuXj0WEw1vLiqm.png]
[chatapp.online/images/2021/11/30/X9kYiFfVOLTqJxD6klj0aodh9RY6YsgROi2cmHZr.png]
[chatapp.online/images/2021/11/30/JhUCc2iM0YpfQTW2QrgKOfF23AssaqMq1bcHhTRl.png]
[chatapp.online/help/creating-waba-template/index.html]
[chatapp.online/images/2021/11/30/whd0V8doKwGlxOZeP6rbBSfTe2ddKoTzSBwU8NY8.png]
[chatapp.online/images/2021/11/30/x52nQm76BqT8nZWEc4UJb94ET6zVVzDL0Xszn2e1.png]
[chatapp.online/images/2021/11/30/NmFhsE49T2yoGFeKpViTiOkqXGG66M0VihIiuQvE.png]
[chatapp.online/images/2021/11/30/wq7u1lObB3EjvLpxiibWAXibTwbpfF1GhHKrOMc6.png]
[chatapp.online/images/2021/11/30/aiPJlcqz4QnYCJjv3UNPBiQnMJTpSXiYibaBfqGj.png]
[chatapp.online/images/2021/11/30/S1F9eDx2IiMxhsScUwPCkbkSiTExPFdg9pW9Bu45.png]
[chatapp.online/help/waba-template-example/index.html]
[chatapp.online/images/2022/2/17/MUKTzVwLVsB1iVEbF05zAIS5v981PISOkvCrH3Hl.png]
[chatapp.online/help/verified-account/index.html]
[chatapp.online/help/faq-waba/index.html]
[chatapp.online/help/test-waba/index.html]
[chatapp.online/images/2022/5/27/CB7nW73RDCFlFrihzMpWvx4umtGFhLv1fkODpMS7.png]
[chatapp.online/images/2022/5/27/3HEin1Aj3HGYeKsCob4m8tkvkHJ4OINhWN9f4oo2.png]
[chatapp.online/images/2022/6/1/FkTpSIVZjaQW691ckFfwN0dIdEG7R8c2ldICsABa.png]
[chatapp.online/help/connect-provider-chat-api/index.html]
[chatapp.online/images/2022/3/1/uD7qrT2vqhihssdW15EWTi841FZr1AqhF0Slt9Pt.png]
[chatapp.online/images/2021/12/1/g1tMYcBktpVYUxtgBm4Oa7MDtAzTnGmvHUrCBmK8.png]
[chatapp.online/help/faq-whatsapp-web/index.html]
[chatapp.online/images/2021/11/30/on0ZifDSpbOkmjwUqUy685XsEDjjBxyZyNQPtAVa.png]
[chatapp.online/images/2021/11/30/zS6nnlnLsO1WbqbycsxJxH9fjys3a64F6X3UcEJb.png]
[chatapp.online/images/2021/11/30/AXn2XWZ4OzaJXUcw65UCpn1DjAkMxmC1hMAecG1P.png]
[chatapp.online/images/2021/11/30/3yo5vZjAJeyEGEEWKqtTI3Uus7h1TW1gtC8CfsNT.png]
[chatapp.online/help/developer-mode/index.html]
[chatapp.online/images/2021/11/29/Ju7jE4I4cUXpafUIkZW9x8U5m7GfoKACo3oKd25S.png]
[chatapp.online/help/phone-settings/index.html]
[chatapp.online/images/2022/5/6/AY0Z9FW1nqg8ffVW4UWlIiPEd8lmovR1T5ehOlja.jpg]
[chatapp.online/images/2022/5/6/FQGrdYHq3PPG3Jcum0BhnpZAzwUIBSy45yrqD2ep.jpg]
[chatapp.online/help/whatsapp-dialogue-start/index.html]
[chatapp.online/images/2022/1/15/hQNXP3LdvZ6WodEIuL2mXLJb8ADmH5ZXzEDrVwXG.png]
[chatapp.online/help/interactive-buttons/index.html]
[chatapp.online/images/2022/1/15/h60y16Qg5ae19pzNlw1gn1nCMT5W0DTxpmQMFaMU.png]
[chatapp.online/images/2022/1/15/KASsI60eNUC7TNKv9n9EQezwv3wlixo50mL3UEDW.png]
[chatapp.online/images/2022/1/15/2bGcdQ4HvqHyVDI62THcpmPdnv4rbeQdYPox07ae.png]
[chatapp.online/images/2022/1/15/uX2gzcN562auX5eRqxRtDwhg1sdebL8SKPt7D2PE.png]
[chatapp.online/images/2022/1/15/36WksZdEnAsD50H7L5rPKbppHGRk6vKQtDxBRJz3.png]
[chatapp.online/images/2022/1/15/ynUd4Av8wLAVa727s7pnNLEz0i5w9UrLIKUnnqhA.png]
[chatapp.online/images/2022/1/15/PWB4Iwos0PfgTDF7YWzzc9iS7IklAdOtyFd8tr64.png]
[chatapp.online/images/2022/1/15/obH2QFi94jzlD7Vu1FsywCoFFUnBDadPaPmg985c.png]
[chatapp.online/help/account-viber/index.html]
[chatapp.online/images/2022/3/24/MC1gAbERZfCKX6w5A4WVtlL6yvKdBYWDfT9jA8AJ.png]
[chatapp.online/images/2022/3/24/DNnlMkNzsvlwFejPOcJq2yHhM4xTu9HqIBllFgTw.png]
[chatapp.online/images/2022/3/24/CN49gAMPoi1mnbE27ve7nOMlo2XUPXinicfUBVDw.png]
[chatapp.online/help/account-avito/index.html]
[chatapp.online/images/2022/4/1/PVLBr8RAUVfHeh5jKDnvAapdle0UyJpuyJrlJhPF.png]
[chatapp.online/images/2022/4/1/RgC7AC50X8PVX8ja8GE076IiAvl6mmNnL6U3OUDu.png]
[chatapp.online/images/2022/4/1/Anryp2DVOwNU4EoZFgfGdmXfVXmfT6aqSwWSebkT.png]
[chatapp.online/help/account-vkontakte/index.html]
[chatapp.online/images/2021/12/22/1ZRk32yl7rcObHsx2AV4WlbBH004fSXROeqBIu2o.png]
[chatapp.online/help/faq-cabinet/index.html]
[chatapp.online/help/auth-waba/index.html]
[chatapp.online/images/2022/3/29/UHX1pMbGiGBL4hSaxz17hFvxYvnOZayGAggLTptl.png]
[chatapp.online/images/2022/3/29/s5JpkEmjENU0C5O7rlX21SDG7yhLWvUHw2luARli.png]
[chatapp.online/help/about-business-chat/index.html]
[chatapp.online/images/2021/12/6/3g26VbfW0ca86XrucLXOKujKpKIY5ZzwPKDy5JMJ.png]
[chatapp.online/images/2021/12/6/hEr1uIKIvqyt48wSfgzsZBEWMZCMBOGkXv3hJ9qa.png]
[chatapp.online/images/2021/12/3/F1AfMhvGCZBrkKzzQE0cxYAlbs3OsCTotSk5rnD7.png]
[chatapp.online/images/2021/12/3/WMQVmoFIZXpxXo6ZTqOotkDjKyJO2TB4XotK9lhs.png]
[chatapp.online/images/2021/12/3/0t8kuk0nrb4M1v7jo92iE5L1zvErPQuzzKvomBKm.png]
[chatapp.online/images/2021/12/3/GshWmbm1sm5NaJzSb9tDVaQV20srBuxt4U4KSWRT.png]
[chatapp.online/help/dialog-labels/index.html]
[chatapp.online/images/2022/4/14/3IFvh2urD65FUNA0Mt7AXEjiVxyfGIqPnoqkY0vf.png]
[chatapp.online/images/2022/4/12/xU4r9ZJZbwdUSQf2X10gDupfym0pz0NnHSB3G7TS.png]
[chatapp.online/images/2022/4/14/0eiic9RMwFaDOQQfRPOdKnupfZ7UX5O39N8oTolW.png]
[chatapp.online/images/2022/4/14/tazAUY6q9mNuXqJ1rlrrUqYhim39Fv7jZFrjxoNH.png]
[chatapp.online/images/2022/4/14/Uwng4k7uNP3kbu0WvAOiSVjD5aH4fbXPLVmRm3Rx.png]
[chatapp.online/images/2022/4/14/snDqY1YKUo3ud5rn9xqkPHwI89m8IwTnJHZgKArF.png]
[chatapp.online/images/2022/4/14/YguJymxvLXVnm7bkFIu3ljVpC3nhoCtJQdw7mukL.png]
[chatapp.online/images/2022/4/13/C7oQ0RABEOjvUwYXdFrRqvab8rXXCQCp0uNYhQsB.jpg]
[chatapp.online/images/2022/4/12/YdLYu8Lta6xDUjVvV3JOeKpVztp28dlmzsw1i087.png]
[chatapp.online/help/quick-answers/index.html]
[chatapp.online/images/2022/4/20/D9CGHss689mos4zl9Wtm9VxXJ5ZdG64FNYZVj1C5.png]
[chatapp.online/images/2022/4/20/UghZX790pVm3o2Pv9hVHdjInvNXGLzDgPldANc8n.png]
[chatapp.online/images/2022/4/20/0swo3W8bwHmAei9Erqr4cOaW5NMa6R8CDUZXm9P9.png]
[chatapp.online/images/2022/4/20/ppKvyxrTt2UBPA4mQpQ08lTci33xsekCijnVYg4t.png]
[chatapp.online/images/2022/4/20/TURaX34pJ9sa1YqMHVESLCqS2n2JgOdrGYq3Qrro.png]
[chatapp.online/images/2022/4/20/LS6oWU7fckgDK7iVFuilXKClra6MeyfalsOS5ibH.png]
[chatapp.online/images/2022/4/20/GoavEvd8Z0CiipZhusvum0ncGXo16iaewIWCYZ9x.png]
[chatapp.online/images/2022/4/20/8S6AtBgnDCwTuKQWI19RZ3s6MyymAmQDPbTEKFs1.png]
[chatapp.online/images/2022/4/20/YFdT3VAix4iFPEhu0kY1gDPncJo7OyawIgUOZyz0.png]
[chatapp.online/images/2022/4/20/XyOqOKsOqOnRQBVeXOJNAVG9d0r9mma91gFBHlQJ.png]
[chatapp.online/help/quick-answers-personal-account/index.html]
[chatapp.online/images/2022/4/27/yVDY61mpSwqr6ho3i9ezh2H5In9VhpDiynWwn9dm.png]
[chatapp.online/images/2022/4/27/ukPniRBhMohDiJ5LnmeIyx9Z38y8xggw4bC1dtOo.png]
[chatapp.online/help/web-chat-write-first/index.html]
[chatapp.online/help/web-chat-write-first-whatsapp/index.html]
[chatapp.online/images/2022/4/12/NKYA5uAJvGNcSU9j6i4thpzj9hOB8Sl31gyQT5TA.png]
[chatapp.online/images/2022/4/12/SWGJV3l2b2Zd5J93O19j2if9PITX18Tki3r3FE3Q.png]
[chatapp.online/help/attachment-settings/index.html]
[chatapp.online/help/connect-open-channel/index.html]
[chatapp.online/help/waba-bitrix24/index.html]
[chatapp.online/help/benefits/index.html]
[chatapp.online/help/whatsapp-bitrix24/index.html]
[chatapp.online/help/telegram-bitrix24/index.html]
[chatapp.online/help/avito-bitrix24/index.html]
[chatapp.online/help/telegrambot-bitrix24/index.html]
[chatapp.online/help/viber-bitrix24/index.html]
[chatapp.online/help/bitrix24-duplicate-lead/index.html]
[chatapp.online/help/send-first-bitrix24/index.html]
[chatapp.online/help/setting-channels-employee/index.html]
[chatapp.online/help/access-rights/index.html]
[chatapp.online/help/group-whatsapp/index.html]
[chatapp.online/help/group-telegram/index.html]
[chatapp.online/help/open-channels-settings/index.html]
[chatapp.online/help/robot-create-group/index.html]
[chatapp.online/help/robot-add-user-group/index.html]
[chatapp.online/help/robot-message-group/index.html]
[chatapp.online/help/robot-delite-user-group/index.html]
[chatapp.online/help/robot-file-group/index.html]
[chatapp.online/help/robot-delete-group/index.html]
[chatapp.online/help/robot/index.html]
[chatapp.online/help/robot-settings/index.html]
[chatapp.online/help/sending-message/index.html]
[chatapp.online/help/robot-phone/index.html]
[chatapp.online/help/robot-messanger-license/index.html]
